MAP
	EXTENT -10000000000 -10000000000 10000000000 10000000000
	TRANSPARENT ON
	MAXSIZE 10000
	SHAPEPATH "[SHAPEPATH]"
	OUTPUTFORMAT
		NAME 'agg/png'
		DRIVER AGG/PNG
		IMAGEMODE RGBA
		FORMATOPTION "TRANSPARENT=TRUE"
		MIMETYPE 'image/png'
	END
	IMAGETYPE agg/png
	WEB
		METADATA
			'ows_enable_request' '*'
			'ows_title' 'Selection Service'
            'ows_srs' '[MAP_PROJECTION]'
		END
	END
	SYMBOL
		NAME 'CIRCLE'
		TYPE ELLIPSE
		POINTS
			1 1
		END
		FILLED TRUE
	END
	PROJECTION
		'+init=[MAP_PROJECTION]'
	END
	LAYER
		EXTENT -10000000000 -10000000000 10000000000 10000000000
		TYPE POINT
		STATUS DEFAULT
		NAME 'selectedPoint'
		GROUP 'highlight'
		CONNECTIONTYPE OGR
		CONNECTION '[SHAPEPATH]/[UNIQUEID].db' 
		METADATA
            'ows_title' 'Selected Point Features'
            'gml_featureid' 'pid'
            'gml_include_items' 'all'
        END
        PROJECTION
            '+init=[MAP_PROJECTION]'
        END
		DATA 'featurespoint'
		CLASS
			STYLE
				OUTLINECOLOR 0 255 255
				SIZE 3
				SYMBOL 'circle'
			END
		END
	END
	LAYER
		EXTENT -10000000000 -10000000000 10000000000 10000000000
		TYPE LINE
		STATUS DEFAULT
		NAME 'selectedLine'
		GROUP 'highlight'
		CONNECTIONTYPE OGR
		CONNECTION '[SHAPEPATH]/[UNIQUEID].db' 
		METADATA
            'ows_title' 'Selected Line Features'
            'gml_featureid' 'pid'
            'gml_include_items' 'all'
        END
        PROJECTION
            '+init=[MAP_PROJECTION]'
        END
		DATA 'featuresline'
		CLASS
			STYLE
				COLOR 0 255 255
				WIDTH 3
			END
		END
	END
	LAYER
		EXTENT -10000000000 -10000000000 10000000000 10000000000
		TYPE POLYGON
		STATUS DEFAULT
		NAME 'selectedPoly'
		GROUP 'highlight'
		CONNECTIONTYPE OGR
		CONNECTION '[SHAPEPATH]/[UNIQUEID].db' 
		METADATA
            'ows_title' 'Selected Polygon Features'
            'gml_featureid' 'pid'
            'gml_include_items' 'all'
        END
        PROJECTION
            '+init=[MAP_PROJECTION]'
        END
		DATA 'featurespolygon'
		CLASS
			STYLE
				OUTLINECOLOR 0 255 255
				SIZE 3
			END
		END
	END
	LAYER
		EXTENT -10000000000 -10000000000 10000000000 10000000000
		TYPE [INPUTTYPE]
		STATUS DEFAULT
		NAME 'selected_with_features'
		GROUP 'highlight'
		CONNECTIONTYPE OGR
		[CONNECTION]    
		METADATA
            'ows_title' 'Selection'
            'gml_featureid' 'area'
            'gml_include_items' 'all'
        END
      	PROJECTION
            '+init=[MAP_PROJECTION]'
        END
		[DATA]
		CLASSITEM area
		CLASS
			EXPRESSION 'DRAWN'
			STYLE
				OUTLINECOLOR '#ee9900'
				WIDTH 6
			END
		END
		CLASS
			EXPRESSION 'QUERY'
			STYLE
				OUTLINECOLOR '#ee9900'
				WIDTH 6
			END
		END
	END
END